// Jest Snapshot v1, https://goo.gl/fbAQLP

exports[`<SupportPage /> renders correctly 1`] = `
Array [
  <div
    className="hero py-4 pt-md-5 pb-md-0"
  >
    <div
      className="container-fluid"
    >
      <div
        className="row"
      >
        <div
          className="col-12 col-md-9 mb-2 mb-md-1"
        >
          <h1
            className={null}
          >
            Contact Support
          </h1>
        </div>
        <div
          className="col-12 col-md-3 text-md-right mt-2"
        >
          <img
            alt="edX logo"
            src="test-file-stub"
          />
        </div>
      </div>
    </div>
  </div>,
  <div
    className="container-fluid"
  >
    <div
      className="row my-3"
    >
      <div
        className="col"
      >
        <p>
          For assistance, please contact the edX Customer Success team at
           
          <a
            href="mailto:customersuccess@edx.org"
            onClick={null}
            target="_self"
          >
            customersuccess@edx.org
          </a>
          .
        </p>
      </div>
    </div>
  </div>,
]
`;
