// Jest Snapshot v1, https://goo.gl/fbAQLP

exports[`EnrollmentsTable renders empty state correctly 1`] = `
<div
  className="alert fade alert-warning show"
  hidden={false}
  role="alert"
>
  <div
    className="alert-dialog"
  >
    <div
      className="d-flex"
    >
      <div
        className="icon mr-2"
      >
        <span
          aria-hidden={true}
          className="fa fa-exclamation-circle"
          id="Icon1"
        />
      </div>
      <div
        className="message"
      >
        There are no results.
      </div>
    </div>
  </div>
</div>
`;
