// Jest Snapshot v1, https://goo.gl/fbAQLP

exports[`<NotFoundPage /> renders correctly 1`] = `
<div
  className="container"
>
  <h1>
    Page Not Found
  </h1>
  <p>
    You're at the end of the line, pal.
  </p>
</div>
`;
