// Jest Snapshot v1, https://goo.gl/fbAQLP

exports[`TableLoadingSkeleton renders a skeleton 1`] = `
<div>
  <div
    className="sr-only"
  >
    Loading...
  </div>
  <span>
    <span
      className="react-loading-skeleton css-1eg0sfo-skeletonStyles-Skeleton"
      style={
        Object {
          "height": 25,
        }
      }
    >
      ‌
    </span>
    <span
      className="react-loading-skeleton css-1eg0sfo-skeletonStyles-Skeleton"
      style={
        Object {
          "height": 25,
        }
      }
    >
      ‌
    </span>
    <span
      className="react-loading-skeleton css-1eg0sfo-skeletonStyles-Skeleton"
      style={
        Object {
          "height": 25,
        }
      }
    >
      ‌
    </span>
    <span
      className="react-loading-skeleton css-1eg0sfo-skeletonStyles-Skeleton"
      style={
        Object {
          "height": 25,
        }
      }
    >
      ‌
    </span>
    <span
      className="react-loading-skeleton css-1eg0sfo-skeletonStyles-Skeleton"
      style={
        Object {
          "height": 25,
        }
      }
    >
      ‌
    </span>
    <span
      className="react-loading-skeleton css-1eg0sfo-skeletonStyles-Skeleton"
      style={
        Object {
          "height": 25,
        }
      }
    >
      ‌
    </span>
    <span
      className="react-loading-skeleton css-1eg0sfo-skeletonStyles-Skeleton"
      style={
        Object {
          "height": 25,
        }
      }
    >
      ‌
    </span>
    <span
      className="react-loading-skeleton css-1eg0sfo-skeletonStyles-Skeleton"
      style={
        Object {
          "height": 25,
        }
      }
    >
      ‌
    </span>
    <span
      className="react-loading-skeleton css-1eg0sfo-skeletonStyles-Skeleton"
      style={
        Object {
          "height": 25,
        }
      }
    >
      ‌
    </span>
    <span
      className="react-loading-skeleton css-1eg0sfo-skeletonStyles-Skeleton"
      style={
        Object {
          "height": 25,
        }
      }
    >
      ‌
    </span>
    <span
      className="react-loading-skeleton css-1eg0sfo-skeletonStyles-Skeleton"
      style={
        Object {
          "height": 25,
        }
      }
    >
      ‌
    </span>
    <span
      className="react-loading-skeleton css-1eg0sfo-skeletonStyles-Skeleton"
      style={
        Object {
          "height": 25,
        }
      }
    >
      ‌
    </span>
    <span
      className="react-loading-skeleton css-1eg0sfo-skeletonStyles-Skeleton"
      style={
        Object {
          "height": 25,
        }
      }
    >
      ‌
    </span>
    <span
      className="react-loading-skeleton css-1eg0sfo-skeletonStyles-Skeleton"
      style={
        Object {
          "height": 25,
        }
      }
    >
      ‌
    </span>
    <span
      className="react-loading-skeleton css-1eg0sfo-skeletonStyles-Skeleton"
      style={
        Object {
          "height": 25,
        }
      }
    >
      ‌
    </span>
    <span
      className="react-loading-skeleton css-1eg0sfo-skeletonStyles-Skeleton"
      style={
        Object {
          "height": 25,
        }
      }
    >
      ‌
    </span>
    <span
      className="react-loading-skeleton css-1eg0sfo-skeletonStyles-Skeleton"
      style={
        Object {
          "height": 25,
        }
      }
    >
      ‌
    </span>
    <span
      className="react-loading-skeleton css-1eg0sfo-skeletonStyles-Skeleton"
      style={
        Object {
          "height": 25,
        }
      }
    >
      ‌
    </span>
    <span
      className="react-loading-skeleton css-1eg0sfo-skeletonStyles-Skeleton"
      style={
        Object {
          "height": 25,
        }
      }
    >
      ‌
    </span>
    <span
      className="react-loading-skeleton css-1eg0sfo-skeletonStyles-Skeleton"
      style={
        Object {
          "height": 25,
        }
      }
    >
      ‌
    </span>
    <span
      className="react-loading-skeleton css-1eg0sfo-skeletonStyles-Skeleton"
      style={
        Object {
          "height": 25,
        }
      }
    >
      ‌
    </span>
    <span
      className="react-loading-skeleton css-1eg0sfo-skeletonStyles-Skeleton"
      style={
        Object {
          "height": 25,
        }
      }
    >
      ‌
    </span>
    <span
      className="react-loading-skeleton css-1eg0sfo-skeletonStyles-Skeleton"
      style={
        Object {
          "height": 25,
        }
      }
    >
      ‌
    </span>
    <span
      className="react-loading-skeleton css-1eg0sfo-skeletonStyles-Skeleton"
      style={
        Object {
          "height": 25,
        }
      }
    >
      ‌
    </span>
    <span
      className="react-loading-skeleton css-1eg0sfo-skeletonStyles-Skeleton"
      style={
        Object {
          "height": 25,
        }
      }
    >
      ‌
    </span>
  </span>
</div>
`;
